// Jest Snapshot v1, https://goo.gl/fbAQLP

exports[`Board.js renders without crashing 1`] = `"<div class=\\"board\\"><div class=\\"board-row\\"><button class=\\"square\\"></button><button class=\\"square\\"></button><button class=\\"square\\"></button></div><div class=\\"board-row\\"><button class=\\"square\\"></button><button class=\\"square\\"></button><button class=\\"square\\"></button></div><div class=\\"board-row\\"><button class=\\"square\\"></button><button class=\\"square\\"></button><button class=\\"square\\"></button></div></div>"`;
